// Jest Snapshot v1, https://goo.gl/fbAQLP

exports[`PhotoGrid component PhotoGrid snapshot 1`] = `
<section
  className="photo-grid"
>
  <img
    alt="Картинка"
    className="photo-grid-image"
    onClick={[Function]}
    onKeyDown={[Function]}
    role="presentation"
    src="#/test1"
    tabIndex={0}
  />
  <img
    alt="Картинка"
    className="photo-grid-image"
    onClick={[Function]}
    onKeyDown={[Function]}
    role="presentation"
    src="#/test5"
    tabIndex={0}
  />
</section>
`;
