// Jest Snapshot v1, https://goo.gl/fbAQLP

exports[`PhotoGrid component PhotoGrid snapshot 1`] = `
<section
  className="photo-grid"
>
  <img
    alt="Картинка"
    className="photo-grid-img"
    onClick={[Function]}
    onKeyDown={[Function]}
    role="presentation"
    src="#/testUrl_1"
    tabIndex={0}
  />
  <img
    alt="Картинка"
    className="photo-grid-img"
    onClick={[Function]}
    onKeyDown={[Function]}
    role="presentation"
    src="#/testUrl_2"
    tabIndex={0}
  />
</section>
`;
