// Jest Snapshot v1, https://goo.gl/fbAQLP

exports[`App component App snapshot 1`] = `
<div
  className="page"
>
  <footer
    className="header"
  >
    <h1
      className="title"
    >
      Test APP
    </h1>
  </footer>
  <main
    className="content"
  >
    <section
      className="photoGrid"
    >
      <img
        alt="Картинка"
        className="photoGridImage"
        onClick={[Function]}
        onKeyDown={[Function]}
        role="presentation"
        src="#/test1"
        tabIndex={0}
      />
      <img
        alt="Картинка"
        className="photoGridImage"
        onClick={[Function]}
        onKeyDown={[Function]}
        role="presentation"
        src="#/test5"
        tabIndex={0}
      />
    </section>
  </main>
  <footer
    className="footer"
  >
    <p
      className="text"
    >
      © 2018-2019-2021
    </p>
  </footer>
  <div
    aria-hidden="true"
    className="popup "
    data-testid="popup-background"
    onClick={[Function]}
    role="button"
    tabIndex={-1}
  >
    <div
      aria-hidden="true"
      className="container"
      onClick={[Function]}
      role="complementary"
      tabIndex={-1}
    >
      <button
        aria-label="Close"
        className="closeButton"
        data-testid="close-button"
        onClick={[Function]}
        type="button"
      />
      <img
        alt="Картинка"
        className="img"
      />
      <div
        className="commentsContainer"
      />
      <form
        action="#"
        className="form"
        method="get"
        noValidate={true}
        onSubmit={[Function]}
      >
        <span
          className="formError formErrorHide"
        >
          
        </span>
        <input
          className="formInput"
          maxLength={200}
          minLength={2}
          name="name"
          onChange={[Function]}
          pattern="^[а-яёА-ЯЁa-zA-Z0-9-\\\\s\\\\-]+$"
          placeholder="Ваше имя"
          required={true}
          type="text"
          value=""
        />
        <span
          className="formError formErrorHide"
        >
          
        </span>
        <input
          className="formInput"
          maxLength={200}
          minLength={2}
          name="comment"
          onChange={[Function]}
          pattern="^[а-яёА-ЯЁa-zA-Z0-9-\\\\s\\\\-]+$"
          placeholder="Ваш комментарий"
          required={true}
          type="text"
          value=""
        />
        <button
          className="formButton"
          data-testid="submit-button"
          disabled={true}
          type="submit"
        >
          Оставить комментарий
        </button>
      </form>
    </div>
  </div>
</div>
`;
